2026-08-25T03:32:26Z INF Thank you for trying Cloudflare Tunnel. Doing so, without a Cloudflare account, is a quick way to experiment and try it out. However, be aware that these account-less Tunnels have no uptime guarantee, are subject to the Cloudflare Online Services Terms of Use (https://www.cloudflare.com/website-terms/), and Cloudflare reserves the right to investigate your use of Tunnels for violations of such terms. If you intend to use Tunnels in production you should use a pre-created named tunnel by following: https://developers.cloudflare.com/cloudflare-one/connections/connect-apps
2026-08-25T03:32:26Z INF Requesting new quick Tunnel on trycloudflare.com...
2026-08-25T03:32:30Z INF +--------------------------------------------------------------------------------------------+
2026-08-25T03:32:30Z INF |  Your quick Tunnel has been created! Visit it at (it may take some time to be reachable):  |
2026-08-25T03:32:30Z INF |  https://tigers-tried-performing-improvements.trycloudflare.com                            |
2026-08-25T03:32:30Z INF +--------------------------------------------------------------------------------------------+
2026-08-25T03:32:30Z INF Cannot determine default configuration path. No file [config.yml config.yaml] in [~/.cloudflared ~/.cloudflare-warp ~/cloudflare-warp]
2026-08-25T03:32:30Z INF Version 2026.7.3 (Checksum 8635da433b6df8194746e88ed9d2589566c20e38bfc2a80e431a348b7c765841)
2026-08-25T03:32:30Z INF GOOS: windows, GOVersion: go1.26.4, GoArch: amd64
2026-08-25T03:32:30Z INF Settings: map[ha-connections:1 no-autoupdate:true protocol:quic url:http://127.0.0.1:4174]
2026-08-25T03:32:30Z INF cloudflared will not automatically update on Windows systems.
2026-08-25T03:32:30Z INF Generated Connector ID: 5f373870-5de4-4947-9201-7a872997ff92
2026-08-25T03:32:30Z INF Initial protocol quic
2026-08-25T03:32:30Z INF ICMP proxy will use 192.168.1.143 as source for IPv4
2026-08-25T03:32:31Z INF ICMP proxy will use ::1 in zone Loopback Pseudo-Interface 1 as source for IPv6
2026-08-25T03:32:31Z INF cloudflared does not support loading the system root certificate pool on Windows. Please use --origin-ca-pool <PATH> to specify the path to the certificate pool
2026-08-25T03:32:31Z INF ICMP proxy will use 192.168.1.143 as source for IPv4
2026-08-25T03:32:31Z INF Tunnel connection curve preferences: [X25519MLKEM768 CurveID(65074) CurveP256] connIndex=0 event=0 ip=198.41.192.27
2026-08-25T03:32:31Z INF ICMP proxy will use ::1 in zone Loopback Pseudo-Interface 1 as source for IPv6
2026-08-25T03:32:31Z INF Starting metrics server on 127.0.0.1:20242/metrics
2026-08-25T03:32:31Z INF Registered tunnel connection connIndex=0 connection=42bff1d3-4d83-4693-81d0-407e3d2afa0f event=0 ip=198.41.192.27 location=lax10 protocol=quic
2026-08-25T03:32:31Z INF +-------------------------------------------------------------------------------------+
2026-08-25T03:32:31Z INF |                               CONNECTIVITY PRE-CHECKS                               |
2026-08-25T03:32:31Z INF +-------------------------------------------------------------------------------------+
2026-08-25T03:32:31Z INF |  COMPONENT         TARGET                     STATUS  DETAILS                       |
2026-08-25T03:32:31Z INF |  DNS Resolution    region1.v2.argotunnel.com  PASS    DNS Resolved successfully     |
2026-08-25T03:32:31Z INF |  DNS Resolution    region2.v2.argotunnel.com  PASS    DNS Resolved successfully     |
2026-08-25T03:32:31Z INF |  UDP Connectivity  region1.v2.argotunnel.com  PASS    QUIC connection successful    |
2026-08-25T03:32:31Z INF |  UDP Connectivity  region2.v2.argotunnel.com  PASS    QUIC connection successful    |
2026-08-25T03:32:31Z INF |  TCP Connectivity  region1.v2.argotunnel.com  PASS    HTTP/2 connection successful  |
2026-08-25T03:32:31Z INF |  TCP Connectivity  region2.v2.argotunnel.com  PASS    HTTP/2 connection successful  |
2026-08-25T03:32:31Z INF |  Cloudflare API    api.cloudflare.com:443     PASS    API is reachable              |
2026-08-25T03:32:31Z INF |                                                                                     |
2026-08-25T03:32:31Z INF |  SUMMARY: Environment is healthy. cloudflared will use 'quic' as primary protocol.  |
2026-08-25T03:32:31Z INF +-------------------------------------------------------------------------------------+
2026-08-25T03:32:31Z INF precheck component="DNS Resolution" details="DNS Resolved successfully" run_id=3f847f7f-594d-4d59-865f-352f241c1720 status=pass target=region1.v2.argotunnel.com
2026-08-25T03:32:31Z INF precheck component="DNS Resolution" details="DNS Resolved successfully" run_id=3f847f7f-594d-4d59-865f-352f241c1720 status=pass target=region2.v2.argotunnel.com
2026-08-25T03:32:31Z INF precheck component="UDP Connectivity" details="QUIC connection successful" run_id=3f847f7f-594d-4d59-865f-352f241c1720 status=pass target=region1.v2.argotunnel.com
2026-08-25T03:32:31Z INF precheck component="UDP Connectivity" details="QUIC connection successful" run_id=3f847f7f-594d-4d59-865f-352f241c1720 status=pass target=region2.v2.argotunnel.com
2026-08-25T03:32:31Z INF precheck component="TCP Connectivity" details="HTTP/2 connection successful" run_id=3f847f7f-594d-4d59-865f-352f241c1720 status=pass target=region1.v2.argotunnel.com
2026-08-25T03:32:31Z INF precheck component="TCP Connectivity" details="HTTP/2 connection successful" run_id=3f847f7f-594d-4d59-865f-352f241c1720 status=pass target=region2.v2.argotunnel.com
2026-08-25T03:32:31Z INF precheck component="Cloudflare API" details="API is reachable" run_id=3f847f7f-594d-4d59-865f-352f241c1720 status=pass target=api.cloudflare.com:443
2026-08-25T03:32:31Z INF precheck complete hard_fail=false run_id=3f847f7f-594d-4d59-865f-352f241c1720 suggested_protocol=quic
